
============================================================
  ① GRASP bypassado — features/all_in_one_ereno_train_combined.json (GRASP penalizado por cardinalidade (FEATURE_PENALTY=0.05): superset per-ataque direto UNIAO nucleo global penalizado direto, f1_cv=None)
  Features selecionadas (24): [2, 4, 5, 14, 15, 17, 19, 20, 21, 23, 25, 27, 35, 40, 41, 42, 44, 45, 46, 50, 54, 55, 57, 58]

  ② Topologia: Topology(name='ring', num_nodes=14)
[benign_cap] classe normal limitada a 500,000 (de 2,759,425); ataques preservados
[attack] 14 clientes para 7 classes — sensores redundantes (classe: nº de sensores): {1: 2, 5: 2, 6: 2, 2: 2, 7: 2, 4: 2, 3: 2}
[attack] cliente 0: classes de ataque [1] (19500 amostras) + 35715 benignas
[attack] cliente 1: classes de ataque [1] (19500 amostras) + 35715 benignas
[attack] cliente 2: classes de ataque [5] (19500 amostras) + 35715 benignas
[attack] cliente 3: classes de ataque [5] (19500 amostras) + 35715 benignas
[attack] cliente 4: classes de ataque [6] (19500 amostras) + 35714 benignas
[attack] cliente 5: classes de ataque [6] (19500 amostras) + 35714 benignas
[attack] cliente 6: classes de ataque [2] (13017 amostras) + 35714 benignas
[attack] cliente 7: classes de ataque [2] (13016 amostras) + 35714 benignas
[attack] cliente 8: classes de ataque [7] (9287 amostras) + 35714 benignas
[attack] cliente 9: classes de ataque [7] (9287 amostras) + 35714 benignas
[attack] cliente 10: classes de ataque [4] (8710 amostras) + 35714 benignas
[attack] cliente 11: classes de ataque [4] (8709 amostras) + 35714 benignas
[attack] cliente 12: classes de ataque [3] (8644 amostras) + 35714 benignas
[attack] cliente 13: classes de ataque [3] (8643 amostras) + 35714 benignas

  ③ Particionamento: attack  num_clients=14
  test set pré-definido: all_in_one_ereno_test.csv (2,955,648 amostras)
[round-eval] subamostra estratificada do teste: 500,000

  ④ Strategy: xgb_bagging  |  ArchManager: DistributedArchManager
     num_rounds=58

============================================================
  ⑥ run_simulation — 58 rounds  |  14 supernodes
============================================================
[93mWARNING [0m:   DEPRECATED FEATURE: Passing either `server`, `config`, `strategy` or `client_manager` directly to the ServerApp constructor is deprecated.

            Check the following `FEATURE UPDATE` warning message for the preferred
            new mechanism to use this feature in Flower.
        
[93mWARNING [0m:   FEATURE UPDATE: Pass `ServerApp` arguments wrapped in a `flwr.compat.server.ServerAppComponents` object that gets returned by a function passed as the `server_fn` argument to the `ServerApp` constructor. For example: 
            ------------------------------------------------------------
        

        def server_fn(context: Context):
            server_config = ServerConfig(num_rounds=3)
            strategy = FedAvg()
            return ServerAppComponents(
                strategy=strategy,
                server_config=server_config,
        )

        app = ServerApp(server_fn=server_fn)

            ------------------------------------------------------------
        
[93mWARNING [0m:   DEPRECATED FEATURE: The `run_simulation` function is deprecated and will be removed in a future version of Flower. Please use `flwr run` in the CLI instead to run your simulation. Refer to the Flower Tutorials for more details: https://flower.ai/docs/framework/tutorial-quickstart-pytorch.html

            This is a deprecated feature. It will be removed
            entirely in future versions of Flower.
        
[92mINFO [0m:      Starting Flower ServerApp, config: num_rounds=58, no round_timeout
[92mINFO [0m:      
[92mINFO [0m:      [INIT]
[92mINFO [0m:      Requesting initial parameters from one random client
/home/cassi/venv-ereno314/lib/python3.14/site-packages/ray/_private/worker.py:2051: FutureWarning: Tip: In future versions of Ray, Ray will no longer override accelerator visible devices env var if num_gpus=0 or num_gpus=None (default). To enable this behavior and turn off this error message, set RAY_ACCEL_ENV_VAR_OVERRIDE_ON_ZERO=0
  warnings.warn(
[92mINFO [0m:      Received initial parameters from one random client
[92mINFO [0m:      Starting evaluation of initial global parameters
[92mINFO [0m:      Evaluation returned no results (`None`)
[92mINFO [0m:      
[92mINFO [0m:      [ROUND 1]
[DistArch] round=1  mode=federated  q=8
[92mINFO [0m:      configure_fit: strategy sampled 14 clients (out of 14)
[36m(ClientAppActor pid=166891)[0m [93mWARNING [0m:   Deprecation Warning: The `client_fn` function must return an instance of `Client`, but an instance of `NumpyClient` was returned. Please use `NumPyClient.to_client()` method to convert it to `Client`.
[36m(ClientAppActor pid=166891)[0m [93mWARNING [0m:   Deprecation Warning: The `client_fn` function must return an instance of `Client`, but an instance of `NumpyClient` was returned. Please use `NumPyClient.to_client()` method to convert it to `Client`.
[36m(ClientAppActor pid=166891)[0m [93mWARNING [0m:   Deprecation Warning: The `client_fn` function must return an instance of `Client`, but an instance of `NumpyClient` was returned. Please use `NumPyClient.to_client()` method to convert it to `Client`.
[36m(ClientAppActor pid=166891)[0m [93mWARNING [0m:   Deprecation Warning: The `client_fn` function must return an instance of `Client`, but an instance of `NumpyClient` was returned. Please use `NumPyClient.to_client()` method to convert it to `Client`.
[36m(ClientAppActor pid=166891)[0m [93mWARNING [0m:   Deprecation Warning: The `client_fn` function must return an instance of `Client`, but an instance of `NumpyClient` was returned. Please use `NumPyClient.to_client()` method to convert it to `Client`.
[36m(ClientAppActor pid=166891)[0m [93mWARNING [0m:   Deprecation Warning: The `client_fn` function must return an instance of `Client`, but an instance of `NumpyClient` was returned. Please use `NumPyClient.to_client()` method to convert it to `Client`.
[36m(ClientAppActor pid=166891)[0m [93mWARNING [0m:   Deprecation Warning: The `client_fn` function must return an instance of `Client`, but an instance of `NumpyClient` was returned. Please use `NumPyClient.to_client()` method to convert it to `Client`.
[36m(ClientAppActor pid=166891)[0m [93mWARNING [0m:   Deprecation Warning: The `client_fn` function must return an instance of `Client`, but an instance of `NumpyClient` was returned. Please use `NumPyClient.to_client()` method to convert it to `Client`.[32m [repeated 6x across cluster] (Ray deduplicates logs by default. Set RAY_DEDUP_LOGS=0 to disable log deduplication, or see https://docs.ray.io/en/master/ray-observability/user-guides/configure-logging.html#log-deduplication for more options.)[0m
[92mINFO [0m:      aggregate_fit: received 14 results and 0 failures
ROUND;1;federated;f1=96.0240;recall=99.9646;fpr=0.5999
[92mINFO [0m:      fit progress: (1, 0.005615999999999954, {'f1': 96.02401449932034, 'fpr': 0.5998970133882595, 'mode': 'federated'}, 8.922242033999964)
[92mINFO [0m:      configure_evaluate: strategy sampled 14 clients (out of 14)
[36m(ClientAppActor pid=166884)[0m [93mWARNING [0m:   Deprecation Warning: The `client_fn` function must return an instance of `Client`, but an instance of `NumpyClient` was returned. Please use `NumPyClient.to_client()` method to convert it to `Client`.[32m [repeated 14x across cluster][0m
[92mINFO [0m:      aggregate_evaluate: received 14 results and 0 failures
[93mWARNING [0m:   No evaluate_metrics_aggregation_fn provided
[92mINFO [0m:      
[92mINFO [0m:      [ROUND 2]
[DistArch] round=2  mode=federated  q=8
[92mINFO [0m:      configure_fit: strategy sampled 14 clients (out of 14)
[92mINFO [0m:      aggregate_fit: received 14 results and 0 failures
ROUND;2;federated;f1=96.0240;recall=99.9646;fpr=0.5999
[92mINFO [0m:      fit progress: (2, 0.005615999999999954, {'f1': 96.02401449932034, 'fpr': 0.5998970133882595, 'mode': 'federated'}, 12.061568676999968)
[92mINFO [0m:      configure_evaluate: strategy sampled 14 clients (out of 14)
[92mINFO [0m:      aggregate_evaluate: received 14 results and 0 failures
[92mINFO [0m:      
[92mINFO [0m:      [ROUND 3]
[DistArch] round=3  mode=federated  q=8
[92mINFO [0m:      configure_fit: strategy sampled 14 clients (out of 14)
[36m(ClientAppActor pid=166898)[0m [93mWARNING [0m:   Deprecation Warning: The `client_fn` function must return an instance of `Client`, but an instance of `NumpyClient` was returned. Please use `NumPyClient.to_client()` method to convert it to `Client`.[32m [repeated 37x across cluster][0m
[92mINFO [0m:      aggregate_fit: received 14 results and 0 failures
ROUND;3;federated;f1=96.0240;recall=99.9646;fpr=0.5999
[92mINFO [0m:      fit progress: (3, 0.005615999999999954, {'f1': 96.02401449932034, 'fpr': 0.5998970133882595, 'mode': 'federated'}, 16.63162837599998)
[92mINFO [0m:      configure_evaluate: strategy sampled 14 clients (out of 14)
[92mINFO [0m:      aggregate_evaluate: received 14 results and 0 failures
[92mINFO [0m:      
[92mINFO [0m:      [ROUND 4]
[DistArch] round=4  mode=federated  q=8
[92mINFO [0m:      configure_fit: strategy sampled 14 clients (out of 14)
[92mINFO [0m:      aggregate_fit: received 14 results and 0 failures
ROUND;4;federated;f1=96.0240;recall=99.9646;fpr=0.5999
[92mINFO [0m:      fit progress: (4, 0.005615999999999954, {'f1': 96.02401449932034, 'fpr': 0.5998970133882595, 'mode': 'federated'}, 19.11628502099984)
[92mINFO [0m:      configure_evaluate: strategy sampled 14 clients (out of 14)
[92mINFO [0m:      aggregate_evaluate: received 14 results and 0 failures
[92mINFO [0m:      
[92mINFO [0m:      [ROUND 5]
[DistArch] round=5  mode=federated  q=8
[92mINFO [0m:      configure_fit: strategy sampled 14 clients (out of 14)
[36m(ClientAppActor pid=166918)[0m [93mWARNING [0m:   Deprecation Warning: The `client_fn` function must return an instance of `Client`, but an instance of `NumpyClient` was returned. Please use `NumPyClient.to_client()` method to convert it to `Client`.[32m [repeated 61x across cluster][0m
[92mINFO [0m:      aggregate_fit: received 14 results and 0 failures
ROUND;5;federated;f1=96.0240;recall=99.9646;fpr=0.5999
[92mINFO [0m:      fit progress: (5, 0.005615999999999954, {'f1': 96.02401449932034, 'fpr': 0.5998970133882595, 'mode': 'federated'}, 21.294954148999977)
[92mINFO [0m:      configure_evaluate: strategy sampled 14 clients (out of 14)
[92mINFO [0m:      aggregate_evaluate: received 14 results and 0 failures
[92mINFO [0m:      
[92mINFO [0m:      [ROUND 6]
[DistArch] round=6  mode=federated  q=8
[92mINFO [0m:      configure_fit: strategy sampled 14 clients (out of 14)
[92mINFO [0m:      aggregate_fit: received 14 results and 0 failures
ROUND;6;federated;f1=96.0240;recall=99.9646;fpr=0.5999
[92mINFO [0m:      fit progress: (6, 0.005615999999999954, {'f1': 96.02401449932034, 'fpr': 0.5998970133882595, 'mode': 'federated'}, 23.428580466999847)
[92mINFO [0m:      configure_evaluate: strategy sampled 14 clients (out of 14)
[92mINFO [0m:      aggregate_evaluate: received 14 results and 0 failures
[92mINFO [0m:      
[92mINFO [0m:      [ROUND 7]
[DistArch] round=7  mode=federated  q=8
[92mINFO [0m:      configure_fit: strategy sampled 14 clients (out of 14)
[92mINFO [0m:      aggregate_fit: received 14 results and 0 failures
ROUND;7;federated;f1=96.0240;recall=99.9646;fpr=0.5999
[92mINFO [0m:      fit progress: (7, 0.005615999999999954, {'f1': 96.02401449932034, 'fpr': 0.5998970133882595, 'mode': 'federated'}, 25.520838685999934)
[92mINFO [0m:      configure_evaluate: strategy sampled 14 clients (out of 14)
[36m(ClientAppActor pid=166898)[0m [93mWARNING [0m:   Deprecation Warning: The `client_fn` function must return an instance of `Client`, but an instance of `NumpyClient` was returned. Please use `NumPyClient.to_client()` method to convert it to `Client`.[32m [repeated 59x across cluster][0m
[92mINFO [0m:      aggregate_evaluate: received 14 results and 0 failures
[92mINFO [0m:      
[92mINFO [0m:      [ROUND 8]
[DistArch] round=8  mode=federated  q=8
[92mINFO [0m:      configure_fit: strategy sampled 14 clients (out of 14)
[92mINFO [0m:      aggregate_fit: received 14 results and 0 failures
ROUND;8;federated;f1=96.0240;recall=99.9646;fpr=0.5999
[92mINFO [0m:      fit progress: (8, 0.005615999999999954, {'f1': 96.02401449932034, 'fpr': 0.5998970133882595, 'mode': 'federated'}, 27.41562812799998)
[92mINFO [0m:      configure_evaluate: strategy sampled 14 clients (out of 14)
[92mINFO [0m:      aggregate_evaluate: received 14 results and 0 failures
[92mINFO [0m:      
[92mINFO [0m:      [ROUND 9]
[DistArch] round=9  mode=federated  q=8
[92mINFO [0m:      configure_fit: strategy sampled 14 clients (out of 14)
[92mINFO [0m:      aggregate_fit: received 14 results and 0 failures
ROUND;9;federated;f1=96.0240;recall=99.9646;fpr=0.5999
[92mINFO [0m:      fit progress: (9, 0.005615999999999954, {'f1': 96.02401449932034, 'fpr': 0.5998970133882595, 'mode': 'federated'}, 29.405110072999832)
[92mINFO [0m:      configure_evaluate: strategy sampled 14 clients (out of 14)
[92mINFO [0m:      aggregate_evaluate: received 14 results and 0 failures
[92mINFO [0m:      
[92mINFO [0m:      [ROUND 10]
[DistArch] round=10  mode=federated  q=7  active=[0, 2, 3, 4, 5, 6, 7, 8, 9, 10, 11, 12, 13]
[92mINFO [0m:      configure_fit: strategy sampled 13 clients (out of 14)
[92mINFO [0m:      aggregate_fit: received 13 results and 0 failures
ROUND;10;federated;f1=94.6879;recall=97.3231;fpr=0.5999
[92mINFO [0m:      fit progress: (10, 0.00740799999999997, {'f1': 94.68793024323085, 'fpr': 0.5998970133882595, 'mode': 'federated'}, 31.285949344999835)
[92mINFO [0m:      configure_evaluate: strategy sampled 13 clients (out of 14)
[36m(ClientAppActor pid=166898)[0m [93mWARNING [0m:   Deprecation Warning: The `client_fn` function must return an instance of `Client`, but an instance of `NumpyClient` was returned. Please use `NumPyClient.to_client()` method to convert it to `Client`.[32m [repeated 83x across cluster][0m
[92mINFO [0m:      aggregate_evaluate: received 13 results and 0 failures
[92mINFO [0m:      
[92mINFO [0m:      [ROUND 11]
[DistArch] round=11  mode=federated  q=7  active=[0, 2, 3, 4, 5, 6, 7, 8, 9, 10, 11, 12, 13]
[92mINFO [0m:      configure_fit: strategy sampled 13 clients (out of 14)
[92mINFO [0m:      aggregate_fit: received 13 results and 0 failures
[DistArch] COMMIT gossip @round=11  reason=node_failure  nodes=[1]
ROUND;11;federated;f1=94.6879;recall=97.3231;fpr=0.5999
[92mINFO [0m:      fit progress: (11, 0.00740799999999997, {'f1': 94.68793024323085, 'fpr': 0.5998970133882595, 'mode': 'federated'}, 33.17003308099993)
[92mINFO [0m:      configure_evaluate: strategy sampled 13 clients (out of 14)
[92mINFO [0m:      aggregate_evaluate: received 13 results and 0 failures
[92mINFO [0m:      
[92mINFO [0m:      [ROUND 12]
[DistArch] round=12  mode=gossip  q=7  active=[0, 2, 3, 4, 5, 6, 7, 8, 9, 10, 11, 12, 13]
[Hybrid] federated→gossip: seeding from RETAINED union (14 boosters) instead of round aggregate (13)
[Hybrid] federated→gossip: global model seeded to 14 nodes
[Hybrid] mode switch: federated → gossip at round 12
[Monitor] node_failure seq=4 round=12 nodes=[1]
[Monitor] architecture_change seq=5 federated->gossip round=12 reason=node_failure failed=[1]
[GLow] round=12  head=12  neighbours=[11, 13]
[92mINFO [0m:      configure_fit: strategy sampled 13 clients (out of 14)
[92mINFO [0m:      aggregate_fit: received 13 results and 0 failures
[GLow] união do head: 14 boosters
ROUND;12;gossip;f1=96.0240;recall=99.9646;fpr=0.5999
[92mINFO [0m:      fit progress: (12, 0.005615999999999954, {'f1': 96.02401449932034, 'fpr': 0.5998970133882595, 'mode': 'gossip'}, 35.03529891899984)
[92mINFO [0m:      configure_evaluate: strategy sampled 13 clients (out of 14)
[92mINFO [0m:      aggregate_evaluate: received 13 results and 0 failures
[92mINFO [0m:      
[92mINFO [0m:      [ROUND 13]
[DistArch] round=13  mode=gossip  q=7  active=[0, 2, 3, 4, 5, 6, 7, 8, 9, 10, 11, 12, 13]
[GLow] round=13  head=13  neighbours=[12, 0]
[92mINFO [0m:      configure_fit: strategy sampled 13 clients (out of 14)
[36m(ClientAppActor pid=166884)[0m [93mWARNING [0m:   Deprecation Warning: The `client_fn` function must return an instance of `Client`, but an instance of `NumpyClient` was returned. Please use `NumPyClient.to_client()` method to convert it to `Client`.[32m [repeated 77x across cluster][0m
[92mINFO [0m:      aggregate_fit: received 13 results and 0 failures
[GLow] união do head: 14 boosters
ROUND;13;gossip;f1=96.0240;recall=99.9646;fpr=0.5999
[92mINFO [0m:      fit progress: (13, 0.005615999999999954, {'f1': 96.02401449932034, 'fpr': 0.5998970133882595, 'mode': 'gossip'}, 37.057042421000006)
[92mINFO [0m:      configure_evaluate: strategy sampled 13 clients (out of 14)
[92mINFO [0m:      aggregate_evaluate: received 13 results and 0 failures
[92mINFO [0m:      
[92mINFO [0m:      [ROUND 14]
[DistArch] round=14  mode=gossip  q=7  active=[0, 2, 3, 4, 5, 6, 7, 8, 9, 10, 11, 12, 13]
[GLow] round=14  head=0  neighbours=[13]
[92mINFO [0m:      configure_fit: strategy sampled 13 clients (out of 14)
[92mINFO [0m:      aggregate_fit: received 13 results and 0 failures
[GLow] união do head: 14 boosters
ROUND;14;gossip;f1=96.0240;recall=99.9646;fpr=0.5999
[92mINFO [0m:      fit progress: (14, 0.005615999999999954, {'f1': 96.02401449932034, 'fpr': 0.5998970133882595, 'mode': 'gossip'}, 39.274203841999906)
[92mINFO [0m:      configure_evaluate: strategy sampled 13 clients (out of 14)
[92mINFO [0m:      aggregate_evaluate: received 13 results and 0 failures
[92mINFO [0m:      
[92mINFO [0m:      [ROUND 15]
[DistArch] round=15  mode=gossip  q=7  active=[0, 2, 3, 4, 5, 6, 7, 8, 9, 10, 11, 12, 13]
[GLow] round=15  head=2  neighbours=[3]
[92mINFO [0m:      configure_fit: strategy sampled 13 clients (out of 14)
[92mINFO [0m:      aggregate_fit: received 13 results and 0 failures
[GLow] união do head: 14 boosters
ROUND;15;gossip;f1=96.0240;recall=99.9646;fpr=0.5999
[92mINFO [0m:      fit progress: (15, 0.005615999999999954, {'f1': 96.02401449932034, 'fpr': 0.5998970133882595, 'mode': 'gossip'}, 41.427909537000005)
[92mINFO [0m:      configure_evaluate: strategy sampled 13 clients (out of 14)
[36m(ClientAppActor pid=166898)[0m [93mWARNING [0m:   Deprecation Warning: The `client_fn` function must return an instance of `Client`, but an instance of `NumpyClient` was returned. Please use `NumPyClient.to_client()` method to convert it to `Client`.[32m [repeated 53x across cluster][0m
[92mINFO [0m:      aggregate_evaluate: received 13 results and 0 failures
[92mINFO [0m:      
[92mINFO [0m:      [ROUND 16]
[DistArch] round=16  mode=gossip  q=7  active=[0, 2, 3, 4, 5, 6, 7, 8, 9, 10, 11, 12, 13]
[GLow] round=16  head=3  neighbours=[2, 4]
[92mINFO [0m:      configure_fit: strategy sampled 13 clients (out of 14)
[92mINFO [0m:      aggregate_fit: received 13 results and 0 failures
[GLow] união do head: 14 boosters
ROUND;16;gossip;f1=96.0240;recall=99.9646;fpr=0.5999
[92mINFO [0m:      fit progress: (16, 0.005615999999999954, {'f1': 96.02401449932034, 'fpr': 0.5998970133882595, 'mode': 'gossip'}, 43.69207005499993)
[92mINFO [0m:      configure_evaluate: strategy sampled 13 clients (out of 14)
[92mINFO [0m:      aggregate_evaluate: received 13 results and 0 failures
[92mINFO [0m:      
[92mINFO [0m:      [ROUND 17]
[DistArch] round=17  mode=gossip  q=7  active=[0, 2, 3, 4, 5, 6, 7, 8, 9, 10, 11, 12, 13]
[GLow] round=17  head=4  neighbours=[3, 5]
[92mINFO [0m:      configure_fit: strategy sampled 13 clients (out of 14)
[92mINFO [0m:      aggregate_fit: received 13 results and 0 failures
[GLow] união do head: 14 boosters
ROUND;17;gossip;f1=96.0240;recall=99.9646;fpr=0.5999
[92mINFO [0m:      fit progress: (17, 0.005615999999999954, {'f1': 96.02401449932034, 'fpr': 0.5998970133882595, 'mode': 'gossip'}, 45.732073723999974)
[92mINFO [0m:      configure_evaluate: strategy sampled 13 clients (out of 14)
[92mINFO [0m:      aggregate_evaluate: received 13 results and 0 failures
[92mINFO [0m:      
[92mINFO [0m:      [ROUND 18]
[DistArch] round=18  mode=gossip  q=7  active=[0, 2, 3, 4, 5, 6, 7, 8, 9, 10, 11, 12, 13]
[GLow] round=18  head=5  neighbours=[4, 6]
[92mINFO [0m:      configure_fit: strategy sampled 13 clients (out of 14)
[36m(ClientAppActor pid=166918)[0m [93mWARNING [0m:   Deprecation Warning: The `client_fn` function must return an instance of `Client`, but an instance of `NumpyClient` was returned. Please use `NumPyClient.to_client()` method to convert it to `Client`.[32m [repeated 69x across cluster][0m
[92mINFO [0m:      aggregate_fit: received 13 results and 0 failures
[GLow] união do head: 14 boosters
ROUND;18;gossip;f1=96.0240;recall=99.9646;fpr=0.5999
[92mINFO [0m:      fit progress: (18, 0.005615999999999954, {'f1': 96.02401449932034, 'fpr': 0.5998970133882595, 'mode': 'gossip'}, 47.86017895299983)
[92mINFO [0m:      configure_evaluate: strategy sampled 13 clients (out of 14)
[92mINFO [0m:      aggregate_evaluate: received 13 results and 0 failures
[92mINFO [0m:      
[92mINFO [0m:      [ROUND 19]
[DistArch] round=19  mode=gossip  q=7  active=[0, 2, 3, 4, 5, 6, 7, 8, 9, 10, 11, 12, 13]
[GLow] round=19  head=6  neighbours=[5, 7]
[92mINFO [0m:      configure_fit: strategy sampled 13 clients (out of 14)
[92mINFO [0m:      aggregate_fit: received 13 results and 0 failures
[GLow] união do head: 14 boosters
ROUND;19;gossip;f1=96.0240;recall=99.9646;fpr=0.5999
[92mINFO [0m:      fit progress: (19, 0.005615999999999954, {'f1': 96.02401449932034, 'fpr': 0.5998970133882595, 'mode': 'gossip'}, 50.01327510099986)
[92mINFO [0m:      configure_evaluate: strategy sampled 13 clients (out of 14)
[92mINFO [0m:      aggregate_evaluate: received 13 results and 0 failures
[92mINFO [0m:      
[92mINFO [0m:      [ROUND 20]
[DistArch] round=20  mode=gossip  q=7  active=[0, 2, 3, 4, 5, 6, 7, 8, 9, 10, 11, 12, 13]
[GLow] round=20  head=7  neighbours=[6, 8]
[92mINFO [0m:      configure_fit: strategy sampled 13 clients (out of 14)
[92mINFO [0m:      aggregate_fit: received 13 results and 0 failures
[GLow] união do head: 14 boosters
ROUND;20;gossip;f1=96.0240;recall=99.9646;fpr=0.5999
[92mINFO [0m:      fit progress: (20, 0.005615999999999954, {'f1': 96.02401449932034, 'fpr': 0.5998970133882595, 'mode': 'gossip'}, 52.13887121699986)
[92mINFO [0m:      configure_evaluate: strategy sampled 13 clients (out of 14)
[36m(ClientAppActor pid=166898)[0m [93mWARNING [0m:   Deprecation Warning: The `client_fn` function must return an instance of `Client`, but an instance of `NumpyClient` was returned. Please use `NumPyClient.to_client()` method to convert it to `Client`.[32m [repeated 61x across cluster][0m
[92mINFO [0m:      aggregate_evaluate: received 13 results and 0 failures
[92mINFO [0m:      
[92mINFO [0m:      [ROUND 21]
[DistArch] round=21  mode=gossip  q=7  active=[0, 2, 3, 4, 5, 6, 7, 8, 9, 10, 11, 12, 13]
[GLow] round=21  head=8  neighbours=[7, 9]
[92mINFO [0m:      configure_fit: strategy sampled 13 clients (out of 14)
[92mINFO [0m:      aggregate_fit: received 13 results and 0 failures
[GLow] união do head: 14 boosters
ROUND;21;gossip;f1=96.0240;recall=99.9646;fpr=0.5999
[92mINFO [0m:      fit progress: (21, 0.005615999999999954, {'f1': 96.02401449932034, 'fpr': 0.5998970133882595, 'mode': 'gossip'}, 54.107130267)
[92mINFO [0m:      configure_evaluate: strategy sampled 13 clients (out of 14)
[92mINFO [0m:      aggregate_evaluate: received 13 results and 0 failures
[92mINFO [0m:      
[92mINFO [0m:      [ROUND 22]
[DistArch] round=22  mode=gossip  q=7  active=[0, 2, 3, 4, 5, 6, 7, 8, 9, 10, 11, 12, 13]
[GLow] round=22  head=9  neighbours=[8, 10]
[92mINFO [0m:      configure_fit: strategy sampled 13 clients (out of 14)
[92mINFO [0m:      aggregate_fit: received 13 results and 0 failures
[GLow] união do head: 14 boosters
ROUND;22;gossip;f1=96.0240;recall=99.9646;fpr=0.5999
[92mINFO [0m:      fit progress: (22, 0.005615999999999954, {'f1': 96.02401449932034, 'fpr': 0.5998970133882595, 'mode': 'gossip'}, 56.390569586999845)
[92mINFO [0m:      configure_evaluate: strategy sampled 13 clients (out of 14)
[92mINFO [0m:      aggregate_evaluate: received 13 results and 0 failures
[92mINFO [0m:      
[92mINFO [0m:      [ROUND 23]
[DistArch] round=23  mode=gossip  q=7  active=[0, 2, 3, 4, 5, 6, 7, 8, 9, 10, 11, 12, 13]
[GLow] round=23  head=10  neighbours=[9, 11]
[92mINFO [0m:      configure_fit: strategy sampled 13 clients (out of 14)
[36m(ClientAppActor pid=166918)[0m [93mWARNING [0m:   Deprecation Warning: The `client_fn` function must return an instance of `Client`, but an instance of `NumpyClient` was returned. Please use `NumPyClient.to_client()` method to convert it to `Client`.[32m [repeated 70x across cluster][0m
[92mINFO [0m:      aggregate_fit: received 13 results and 0 failures
[GLow] união do head: 14 boosters
ROUND;23;gossip;f1=96.0240;recall=99.9646;fpr=0.5999
[92mINFO [0m:      fit progress: (23, 0.005615999999999954, {'f1': 96.02401449932034, 'fpr': 0.5998970133882595, 'mode': 'gossip'}, 58.51979605899987)
[92mINFO [0m:      configure_evaluate: strategy sampled 13 clients (out of 14)
[92mINFO [0m:      aggregate_evaluate: received 13 results and 0 failures
[92mINFO [0m:      
[92mINFO [0m:      [ROUND 24]
[DistArch] round=24  mode=gossip  q=7  active=[0, 2, 3, 4, 5, 6, 7, 8, 9, 10, 11, 12, 13]
[GLow] round=24  head=11  neighbours=[10, 12]
[92mINFO [0m:      configure_fit: strategy sampled 13 clients (out of 14)
[92mINFO [0m:      aggregate_fit: received 13 results and 0 failures
[GLow] união do head: 14 boosters
ROUND;24;gossip;f1=96.0240;recall=99.9646;fpr=0.5999
[92mINFO [0m:      fit progress: (24, 0.005615999999999954, {'f1': 96.02401449932034, 'fpr': 0.5998970133882595, 'mode': 'gossip'}, 60.49831289299982)
[92mINFO [0m:      configure_evaluate: strategy sampled 13 clients (out of 14)
[92mINFO [0m:      aggregate_evaluate: received 13 results and 0 failures
[92mINFO [0m:      
[92mINFO [0m:      [ROUND 25]
[DistArch] round=25  mode=gossip  q=7  active=[0, 2, 3, 4, 5, 6, 7, 8, 9, 10, 11, 12, 13]
[GLow] round=25  head=12  neighbours=[11, 13]
[92mINFO [0m:      configure_fit: strategy sampled 13 clients (out of 14)
[92mINFO [0m:      aggregate_fit: received 13 results and 0 failures
[GLow] união do head: 14 boosters
ROUND;25;gossip;f1=96.0240;recall=99.9646;fpr=0.5999
[92mINFO [0m:      fit progress: (25, 0.005615999999999954, {'f1': 96.02401449932034, 'fpr': 0.5998970133882595, 'mode': 'gossip'}, 62.28621655400002)
[92mINFO [0m:      configure_evaluate: strategy sampled 13 clients (out of 14)
[36m(ClientAppActor pid=166898)[0m [93mWARNING [0m:   Deprecation Warning: The `client_fn` function must return an instance of `Client`, but an instance of `NumpyClient` was returned. Please use `NumPyClient.to_client()` method to convert it to `Client`.[32m [repeated 60x across cluster][0m
[92mINFO [0m:      aggregate_evaluate: received 13 results and 0 failures
[92mINFO [0m:      
[92mINFO [0m:      [ROUND 26]
[DistArch] round=26  mode=gossip  q=7  active=[0, 2, 3, 4, 5, 6, 7, 8, 9, 10, 11, 12, 13]
[GLow] round=26  head=13  neighbours=[12, 0]
[92mINFO [0m:      configure_fit: strategy sampled 13 clients (out of 14)
[92mINFO [0m:      aggregate_fit: received 13 results and 0 failures
[GLow] união do head: 14 boosters
ROUND;26;gossip;f1=96.0240;recall=99.9646;fpr=0.5999
[92mINFO [0m:      fit progress: (26, 0.005615999999999954, {'f1': 96.02401449932034, 'fpr': 0.5998970133882595, 'mode': 'gossip'}, 64.15316646799988)
[92mINFO [0m:      configure_evaluate: strategy sampled 13 clients (out of 14)
[92mINFO [0m:      aggregate_evaluate: received 13 results and 0 failures
[92mINFO [0m:      
[92mINFO [0m:      [ROUND 27]
[DistArch] round=27  mode=gossip  q=7  active=[0, 2, 3, 4, 5, 6, 7, 8, 9, 10, 11, 12, 13]
[GLow] round=27  head=0  neighbours=[13]
[92mINFO [0m:      configure_fit: strategy sampled 13 clients (out of 14)
[92mINFO [0m:      aggregate_fit: received 13 results and 0 failures
[GLow] união do head: 14 boosters
ROUND;27;gossip;f1=96.0240;recall=99.9646;fpr=0.5999
[92mINFO [0m:      fit progress: (27, 0.005615999999999954, {'f1': 96.02401449932034, 'fpr': 0.5998970133882595, 'mode': 'gossip'}, 65.95466518199987)
[92mINFO [0m:      configure_evaluate: strategy sampled 13 clients (out of 14)
[92mINFO [0m:      aggregate_evaluate: received 13 results and 0 failures
[92mINFO [0m:      
[92mINFO [0m:      [ROUND 28]
[DistArch] round=28  mode=gossip  q=7  active=[0, 2, 3, 4, 5, 6, 7, 8, 9, 10, 11, 12, 13]
[GLow] round=28  head=2  neighbours=[3]
[92mINFO [0m:      configure_fit: strategy sampled 13 clients (out of 14)
[92mINFO [0m:      aggregate_fit: received 13 results and 0 failures
[GLow] união do head: 14 boosters
ROUND;28;gossip;f1=96.0240;recall=99.9646;fpr=0.5999
[92mINFO [0m:      fit progress: (28, 0.005615999999999954, {'f1': 96.02401449932034, 'fpr': 0.5998970133882595, 'mode': 'gossip'}, 67.87012239299997)
[92mINFO [0m:      configure_evaluate: strategy sampled 13 clients (out of 14)
[36m(ClientAppActor pid=166898)[0m [93mWARNING [0m:   Deprecation Warning: The `client_fn` function must return an instance of `Client`, but an instance of `NumpyClient` was returned. Please use `NumPyClient.to_client()` method to convert it to `Client`.[32m [repeated 78x across cluster][0m
[92mINFO [0m:      aggregate_evaluate: received 13 results and 0 failures
[92mINFO [0m:      
[92mINFO [0m:      [ROUND 29]
[DistArch] round=29  mode=gossip  q=7  active=[0, 2, 3, 4, 5, 6, 7, 8, 9, 10, 11, 12, 13]
[GLow] round=29  head=3  neighbours=[2, 4]
[92mINFO [0m:      configure_fit: strategy sampled 13 clients (out of 14)
[92mINFO [0m:      aggregate_fit: received 13 results and 0 failures
[GLow] união do head: 14 boosters
ROUND;29;gossip;f1=96.0240;recall=99.9646;fpr=0.5999
[92mINFO [0m:      fit progress: (29, 0.005615999999999954, {'f1': 96.02401449932034, 'fpr': 0.5998970133882595, 'mode': 'gossip'}, 69.87319432100003)
[92mINFO [0m:      configure_evaluate: strategy sampled 13 clients (out of 14)
[92mINFO [0m:      aggregate_evaluate: received 13 results and 0 failures
[92mINFO [0m:      
[92mINFO [0m:      [ROUND 30]
[DistArch] round=30  mode=gossip  q=7  active=[0, 2, 3, 4, 5, 6, 7, 8, 9, 10, 11, 12, 13]
[GLow] round=30  head=4  neighbours=[3, 5]
[92mINFO [0m:      configure_fit: strategy sampled 13 clients (out of 14)
[92mINFO [0m:      aggregate_fit: received 13 results and 0 failures
[GLow] união do head: 14 boosters
ROUND;30;gossip;f1=96.0240;recall=99.9646;fpr=0.5999
[92mINFO [0m:      fit progress: (30, 0.005615999999999954, {'f1': 96.02401449932034, 'fpr': 0.5998970133882595, 'mode': 'gossip'}, 71.81447405799986)
[92mINFO [0m:      configure_evaluate: strategy sampled 13 clients (out of 14)
[92mINFO [0m:      aggregate_evaluate: received 13 results and 0 failures
[92mINFO [0m:      
[92mINFO [0m:      [ROUND 31]
[DistArch] round=31  mode=gossip  q=7  active=[0, 2, 3, 4, 5, 6, 7, 8, 9, 10, 11, 12, 13]
[GLow] round=31  head=5  neighbours=[4, 6]
[92mINFO [0m:      configure_fit: strategy sampled 13 clients (out of 14)
[36m(ClientAppActor pid=166879)[0m [93mWARNING [0m:   Deprecation Warning: The `client_fn` function must return an instance of `Client`, but an instance of `NumpyClient` was returned. Please use `NumPyClient.to_client()` method to convert it to `Client`.[32m [repeated 72x across cluster][0m
[92mINFO [0m:      aggregate_fit: received 13 results and 0 failures
[GLow] união do head: 14 boosters
ROUND;31;gossip;f1=96.0240;recall=99.9646;fpr=0.5999
[92mINFO [0m:      fit progress: (31, 0.005615999999999954, {'f1': 96.02401449932034, 'fpr': 0.5998970133882595, 'mode': 'gossip'}, 73.97754546099986)
[92mINFO [0m:      configure_evaluate: strategy sampled 13 clients (out of 14)
[92mINFO [0m:      aggregate_evaluate: received 13 results and 0 failures
[92mINFO [0m:      
[92mINFO [0m:      [ROUND 32]
[DistArch] round=32  mode=gossip  q=7  active=[0, 2, 3, 4, 5, 6, 7, 8, 9, 10, 11, 12, 13]
[GLow] round=32  head=6  neighbours=[5, 7]
[92mINFO [0m:      configure_fit: strategy sampled 13 clients (out of 14)
[92mINFO [0m:      aggregate_fit: received 13 results and 0 failures
[GLow] união do head: 14 boosters
ROUND;32;gossip;f1=96.0240;recall=99.9646;fpr=0.5999
[92mINFO [0m:      fit progress: (32, 0.005615999999999954, {'f1': 96.02401449932034, 'fpr': 0.5998970133882595, 'mode': 'gossip'}, 75.945856177)
[92mINFO [0m:      configure_evaluate: strategy sampled 13 clients (out of 14)
[92mINFO [0m:      aggregate_evaluate: received 13 results and 0 failures
[92mINFO [0m:      
[92mINFO [0m:      [ROUND 33]
[DistArch] round=33  mode=gossip  q=7  active=[0, 2, 3, 4, 5, 6, 7, 8, 9, 10, 11, 12, 13]
[GLow] round=33  head=7  neighbours=[6, 8]
[92mINFO [0m:      configure_fit: strategy sampled 13 clients (out of 14)
[92mINFO [0m:      aggregate_fit: received 13 results and 0 failures
[GLow] união do head: 14 boosters
ROUND;33;gossip;f1=96.0240;recall=99.9646;fpr=0.5999
[92mINFO [0m:      fit progress: (33, 0.005615999999999954, {'f1': 96.02401449932034, 'fpr': 0.5998970133882595, 'mode': 'gossip'}, 77.81254727399983)
[92mINFO [0m:      configure_evaluate: strategy sampled 13 clients (out of 14)
[92mINFO [0m:      aggregate_evaluate: received 13 results and 0 failures
[92mINFO [0m:      
[92mINFO [0m:      [ROUND 34]
[DistArch] round=34  mode=gossip  q=8
[GLow] round=34  head=5  neighbours=[4, 6]
[92mINFO [0m:      configure_fit: strategy sampled 14 clients (out of 14)
[36m(ClientAppActor pid=166898)[0m [93mWARNING [0m:   Deprecation Warning: The `client_fn` function must return an instance of `Client`, but an instance of `NumpyClient` was returned. Please use `NumPyClient.to_client()` method to convert it to `Client`.[32m [repeated 71x across cluster][0m
[92mINFO [0m:      aggregate_fit: received 14 results and 0 failures
[GLow] união do head: 14 boosters
ROUND;34;gossip;f1=96.0240;recall=99.9646;fpr=0.5999
[92mINFO [0m:      fit progress: (34, 0.005615999999999954, {'f1': 96.02401449932034, 'fpr': 0.5998970133882595, 'mode': 'gossip'}, 79.70381172099997)
[92mINFO [0m:      configure_evaluate: strategy sampled 14 clients (out of 14)
[92mINFO [0m:      aggregate_evaluate: received 14 results and 0 failures
[92mINFO [0m:      
[92mINFO [0m:      [ROUND 35]
[DistArch] round=35  mode=gossip  q=8
[GLow] round=35  head=6  neighbours=[5, 7]
[92mINFO [0m:      configure_fit: strategy sampled 14 clients (out of 14)
[92mINFO [0m:      aggregate_fit: received 14 results and 0 failures
[GLow] união do head: 14 boosters
ROUND;35;gossip;f1=96.0240;recall=99.9646;fpr=0.5999
[92mINFO [0m:      fit progress: (35, 0.005615999999999954, {'f1': 96.02401449932034, 'fpr': 0.5998970133882595, 'mode': 'gossip'}, 81.79995264900003)
[92mINFO [0m:      configure_evaluate: strategy sampled 14 clients (out of 14)
[92mINFO [0m:      aggregate_evaluate: received 14 results and 0 failures
[92mINFO [0m:      
[92mINFO [0m:      [ROUND 36]
[DistArch] round=36  mode=gossip  q=8
[GLow] round=36  head=7  neighbours=[6, 8]
[92mINFO [0m:      configure_fit: strategy sampled 14 clients (out of 14)
[92mINFO [0m:      aggregate_fit: received 14 results and 0 failures
[GLow] união do head: 14 boosters
ROUND;36;gossip;f1=96.0240;recall=99.9646;fpr=0.5999
[92mINFO [0m:      fit progress: (36, 0.005615999999999954, {'f1': 96.02401449932034, 'fpr': 0.5998970133882595, 'mode': 'gossip'}, 83.79968447199985)
[92mINFO [0m:      configure_evaluate: strategy sampled 14 clients (out of 14)
[36m(ClientAppActor pid=166898)[0m [93mWARNING [0m:   Deprecation Warning: The `client_fn` function must return an instance of `Client`, but an instance of `NumpyClient` was returned. Please use `NumPyClient.to_client()` method to convert it to `Client`.[32m [repeated 70x across cluster][0m
[92mINFO [0m:      aggregate_evaluate: received 14 results and 0 failures
[92mINFO [0m:      
[92mINFO [0m:      [ROUND 37]
[DistArch] round=37  mode=gossip  q=8
[GLow] round=37  head=8  neighbours=[7, 9]
[92mINFO [0m:      configure_fit: strategy sampled 14 clients (out of 14)
[92mINFO [0m:      aggregate_fit: received 14 results and 0 failures
[GLow] união do head: 14 boosters
ROUND;37;gossip;f1=96.0240;recall=99.9646;fpr=0.5999
[92mINFO [0m:      fit progress: (37, 0.005615999999999954, {'f1': 96.02401449932034, 'fpr': 0.5998970133882595, 'mode': 'gossip'}, 85.80296245499994)
[92mINFO [0m:      configure_evaluate: strategy sampled 14 clients (out of 14)
[92mINFO [0m:      aggregate_evaluate: received 14 results and 0 failures
[92mINFO [0m:      
[92mINFO [0m:      [ROUND 38]
[DistArch] round=38  mode=gossip  q=8
[GLow] round=38  head=9  neighbours=[8, 10]
[92mINFO [0m:      configure_fit: strategy sampled 14 clients (out of 14)
[92mINFO [0m:      aggregate_fit: received 14 results and 0 failures
[GLow] união do head: 14 boosters
ROUND;38;gossip;f1=96.0240;recall=99.9646;fpr=0.5999
[92mINFO [0m:      fit progress: (38, 0.005615999999999954, {'f1': 96.02401449932034, 'fpr': 0.5998970133882595, 'mode': 'gossip'}, 87.79154400499988)
[92mINFO [0m:      configure_evaluate: strategy sampled 14 clients (out of 14)
[92mINFO [0m:      aggregate_evaluate: received 14 results and 0 failures
[92mINFO [0m:      
[92mINFO [0m:      [ROUND 39]
[DistArch] round=39  mode=gossip  q=8
[GLow] round=39  head=10  neighbours=[9, 11]
[92mINFO [0m:      configure_fit: strategy sampled 14 clients (out of 14)
[36m(ClientAppActor pid=166898)[0m [93mWARNING [0m:   Deprecation Warning: The `client_fn` function must return an instance of `Client`, but an instance of `NumpyClient` was returned. Please use `NumPyClient.to_client()` method to convert it to `Client`.[32m [repeated 77x across cluster][0m
[92mINFO [0m:      aggregate_fit: received 14 results and 0 failures
[GLow] união do head: 14 boosters
ROUND;39;gossip;f1=96.0240;recall=99.9646;fpr=0.5999
[92mINFO [0m:      fit progress: (39, 0.005615999999999954, {'f1': 96.02401449932034, 'fpr': 0.5998970133882595, 'mode': 'gossip'}, 89.9132761599999)
[92mINFO [0m:      configure_evaluate: strategy sampled 14 clients (out of 14)
[92mINFO [0m:      aggregate_evaluate: received 14 results and 0 failures
[92mINFO [0m:      
[92mINFO [0m:      [ROUND 40]
[DistArch] round=40  mode=gossip  q=8
[GLow] round=40  head=11  neighbours=[10, 12]
[92mINFO [0m:      configure_fit: strategy sampled 14 clients (out of 14)
[92mINFO [0m:      aggregate_fit: received 14 results and 0 failures
[GLow] união do head: 14 boosters
ROUND;40;gossip;f1=96.0240;recall=99.9646;fpr=0.5999
[92mINFO [0m:      fit progress: (40, 0.005615999999999954, {'f1': 96.02401449932034, 'fpr': 0.5998970133882595, 'mode': 'gossip'}, 92.02521064500002)
[92mINFO [0m:      configure_evaluate: strategy sampled 14 clients (out of 14)
[92mINFO [0m:      aggregate_evaluate: received 14 results and 0 failures
[92mINFO [0m:      
[92mINFO [0m:      [ROUND 41]
[DistArch] round=41  mode=gossip  q=8
[GLow] round=41  head=12  neighbours=[11, 13]
[92mINFO [0m:      configure_fit: strategy sampled 14 clients (out of 14)
[92mINFO [0m:      aggregate_fit: received 14 results and 0 failures
[GLow] união do head: 14 boosters
ROUND;41;gossip;f1=96.0240;recall=99.9646;fpr=0.5999
[92mINFO [0m:      fit progress: (41, 0.005615999999999954, {'f1': 96.02401449932034, 'fpr': 0.5998970133882595, 'mode': 'gossip'}, 94.02037012400001)
[92mINFO [0m:      configure_evaluate: strategy sampled 14 clients (out of 14)
[36m(ClientAppActor pid=166898)[0m [93mWARNING [0m:   Deprecation Warning: The `client_fn` function must return an instance of `Client`, but an instance of `NumpyClient` was returned. Please use `NumPyClient.to_client()` method to convert it to `Client`.[32m [repeated 63x across cluster][0m
[92mINFO [0m:      aggregate_evaluate: received 14 results and 0 failures
[92mINFO [0m:      
[92mINFO [0m:      [ROUND 42]
[DistArch] round=42  mode=gossip  q=8
[GLow] round=42  head=13  neighbours=[12, 0]
[92mINFO [0m:      configure_fit: strategy sampled 14 clients (out of 14)
[92mINFO [0m:      aggregate_fit: received 14 results and 0 failures
[GLow] união do head: 14 boosters
ROUND;42;gossip;f1=96.0240;recall=99.9646;fpr=0.5999
[92mINFO [0m:      fit progress: (42, 0.005615999999999954, {'f1': 96.02401449932034, 'fpr': 0.5998970133882595, 'mode': 'gossip'}, 96.04938184000002)
[92mINFO [0m:      configure_evaluate: strategy sampled 14 clients (out of 14)
[92mINFO [0m:      aggregate_evaluate: received 14 results and 0 failures
[92mINFO [0m:      
[92mINFO [0m:      [ROUND 43]
[DistArch] round=43  mode=gossip  q=8
[GLow] round=43  head=0  neighbours=[13, 1]
[92mINFO [0m:      configure_fit: strategy sampled 14 clients (out of 14)
[92mINFO [0m:      aggregate_fit: received 14 results and 0 failures
[GLow] união do head: 14 boosters
ROUND;43;gossip;f1=96.0240;recall=99.9646;fpr=0.5999
[92mINFO [0m:      fit progress: (43, 0.005615999999999954, {'f1': 96.02401449932034, 'fpr': 0.5998970133882595, 'mode': 'gossip'}, 98.26837286)
[92mINFO [0m:      configure_evaluate: strategy sampled 14 clients (out of 14)
[92mINFO [0m:      aggregate_evaluate: received 14 results and 0 failures
[92mINFO [0m:      
[92mINFO [0m:      [ROUND 44]
[DistArch] round=44  mode=gossip  q=8
[GLow] round=44  head=1  neighbours=[0, 2]
[92mINFO [0m:      configure_fit: strategy sampled 14 clients (out of 14)
[36m(ClientAppActor pid=166898)[0m [93mWARNING [0m:   Deprecation Warning: The `client_fn` function must return an instance of `Client`, but an instance of `NumpyClient` was returned. Please use `NumPyClient.to_client()` method to convert it to `Client`.[32m [repeated 70x across cluster][0m
[92mINFO [0m:      aggregate_fit: received 14 results and 0 failures
[GLow] união do head: 14 boosters
[DistArch] COMMIT federated @round=44  reason=recovery  nodes=[]
ROUND;44;gossip;f1=96.0240;recall=99.9646;fpr=0.5999
[92mINFO [0m:      fit progress: (44, 0.005615999999999954, {'f1': 96.02401449932034, 'fpr': 0.5998970133882595, 'mode': 'gossip'}, 100.60125582399996)
[92mINFO [0m:      configure_evaluate: strategy sampled 14 clients (out of 14)
[92mINFO [0m:      aggregate_evaluate: received 14 results and 0 failures
[92mINFO [0m:      
[92mINFO [0m:      [ROUND 45]
[DistArch] round=45  mode=federated  q=8
[Hybrid] gossip→federated (xgb): união do pool de 14 nós → 14 boosters
[Hybrid] mode switch: gossip → federated at round 45
[Monitor] architecture_change seq=6 gossip->federated round=45 reason=recovery failed=[]
[92mINFO [0m:      configure_fit: strategy sampled 14 clients (out of 14)
[92mINFO [0m:      aggregate_fit: received 14 results and 0 failures
ROUND;45;federated;f1=96.0240;recall=99.9646;fpr=0.5999
[92mINFO [0m:      fit progress: (45, 0.005615999999999954, {'f1': 96.02401449932034, 'fpr': 0.5998970133882595, 'mode': 'federated'}, 102.85221029599984)
[92mINFO [0m:      configure_evaluate: strategy sampled 14 clients (out of 14)
[92mINFO [0m:      aggregate_evaluate: received 14 results and 0 failures
[92mINFO [0m:      
[92mINFO [0m:      [ROUND 46]
[DistArch] round=46  mode=federated  q=8
[92mINFO [0m:      configure_fit: strategy sampled 14 clients (out of 14)
[36m(ClientAppActor pid=166911)[0m [93mWARNING [0m:   Deprecation Warning: The `client_fn` function must return an instance of `Client`, but an instance of `NumpyClient` was returned. Please use `NumPyClient.to_client()` method to convert it to `Client`.[32m [repeated 56x across cluster][0m
[92mINFO [0m:      aggregate_fit: received 14 results and 0 failures
ROUND;46;federated;f1=96.0240;recall=99.9646;fpr=0.5999
[92mINFO [0m:      fit progress: (46, 0.005615999999999954, {'f1': 96.02401449932034, 'fpr': 0.5998970133882595, 'mode': 'federated'}, 106.92821638700002)
[92mINFO [0m:      configure_evaluate: strategy sampled 14 clients (out of 14)
[92mINFO [0m:      aggregate_evaluate: received 14 results and 0 failures
[92mINFO [0m:      
[92mINFO [0m:      [ROUND 47]
[DistArch] round=47  mode=federated  q=8
[92mINFO [0m:      configure_fit: strategy sampled 14 clients (out of 14)
[92mINFO [0m:      aggregate_fit: received 14 results and 0 failures
ROUND;47;federated;f1=96.0240;recall=99.9646;fpr=0.5999
[92mINFO [0m:      fit progress: (47, 0.005615999999999954, {'f1': 96.02401449932034, 'fpr': 0.5998970133882595, 'mode': 'federated'}, 109.545505026)
[92mINFO [0m:      configure_evaluate: strategy sampled 14 clients (out of 14)
[36m(ClientAppActor pid=166898)[0m [93mWARNING [0m:   Deprecation Warning: The `client_fn` function must return an instance of `Client`, but an instance of `NumpyClient` was returned. Please use `NumPyClient.to_client()` method to convert it to `Client`.[32m [repeated 42x across cluster][0m
[92mINFO [0m:      aggregate_evaluate: received 14 results and 0 failures
[92mINFO [0m:      
[92mINFO [0m:      [ROUND 48]
[DistArch] round=48  mode=federated  q=8
[92mINFO [0m:      configure_fit: strategy sampled 14 clients (out of 14)
[92mINFO [0m:      aggregate_fit: received 14 results and 0 failures
ROUND;48;federated;f1=96.0240;recall=99.9646;fpr=0.5999
[92mINFO [0m:      fit progress: (48, 0.005615999999999954, {'f1': 96.02401449932034, 'fpr': 0.5998970133882595, 'mode': 'federated'}, 111.6090018729999)
[92mINFO [0m:      configure_evaluate: strategy sampled 14 clients (out of 14)
[92mINFO [0m:      aggregate_evaluate: received 14 results and 0 failures
[92mINFO [0m:      
[92mINFO [0m:      [ROUND 49]
[DistArch] round=49  mode=federated  q=8
[92mINFO [0m:      configure_fit: strategy sampled 14 clients (out of 14)
[92mINFO [0m:      aggregate_fit: received 14 results and 0 failures
ROUND;49;federated;f1=96.0240;recall=99.9646;fpr=0.5999
[92mINFO [0m:      fit progress: (49, 0.005615999999999954, {'f1': 96.02401449932034, 'fpr': 0.5998970133882595, 'mode': 'federated'}, 113.63079418699999)
[92mINFO [0m:      configure_evaluate: strategy sampled 14 clients (out of 14)
[92mINFO [0m:      aggregate_evaluate: received 14 results and 0 failures
[92mINFO [0m:      
[92mINFO [0m:      [ROUND 50]
[DistArch] round=50  mode=federated  q=8
[92mINFO [0m:      configure_fit: strategy sampled 14 clients (out of 14)
[36m(ClientAppActor pid=166898)[0m [93mWARNING [0m:   Deprecation Warning: The `client_fn` function must return an instance of `Client`, but an instance of `NumpyClient` was returned. Please use `NumPyClient.to_client()` method to convert it to `Client`.[32m [repeated 76x across cluster][0m
[92mINFO [0m:      aggregate_fit: received 14 results and 0 failures
ROUND;50;federated;f1=96.0240;recall=99.9646;fpr=0.5999
[92mINFO [0m:      fit progress: (50, 0.005615999999999954, {'f1': 96.02401449932034, 'fpr': 0.5998970133882595, 'mode': 'federated'}, 115.63682712699983)
[92mINFO [0m:      configure_evaluate: strategy sampled 14 clients (out of 14)
[92mINFO [0m:      aggregate_evaluate: received 14 results and 0 failures
[92mINFO [0m:      
[92mINFO [0m:      [ROUND 51]
[DistArch] round=51  mode=federated  q=8
[92mINFO [0m:      configure_fit: strategy sampled 14 clients (out of 14)
[92mINFO [0m:      aggregate_fit: received 14 results and 0 failures
ROUND;51;federated;f1=96.0240;recall=99.9646;fpr=0.5999
[92mINFO [0m:      fit progress: (51, 0.005615999999999954, {'f1': 96.02401449932034, 'fpr': 0.5998970133882595, 'mode': 'federated'}, 117.63452527000004)
[92mINFO [0m:      configure_evaluate: strategy sampled 14 clients (out of 14)
[92mINFO [0m:      aggregate_evaluate: received 14 results and 0 failures
[92mINFO [0m:      
[92mINFO [0m:      [ROUND 52]
[DistArch] round=52  mode=federated  q=8
[92mINFO [0m:      configure_fit: strategy sampled 14 clients (out of 14)
[92mINFO [0m:      aggregate_fit: received 14 results and 0 failures
ROUND;52;federated;f1=96.0240;recall=99.9646;fpr=0.5999
[92mINFO [0m:      fit progress: (52, 0.005615999999999954, {'f1': 96.02401449932034, 'fpr': 0.5998970133882595, 'mode': 'federated'}, 119.75210744799983)
[92mINFO [0m:      configure_evaluate: strategy sampled 14 clients (out of 14)
[36m(ClientAppActor pid=166898)[0m [93mWARNING [0m:   Deprecation Warning: The `client_fn` function must return an instance of `Client`, but an instance of `NumpyClient` was returned. Please use `NumPyClient.to_client()` method to convert it to `Client`.[32m [repeated 64x across cluster][0m
[92mINFO [0m:      aggregate_evaluate: received 14 results and 0 failures
[92mINFO [0m:      
[92mINFO [0m:      [ROUND 53]
[DistArch] round=53  mode=federated  q=8
[92mINFO [0m:      configure_fit: strategy sampled 14 clients (out of 14)
[92mINFO [0m:      aggregate_fit: received 14 results and 0 failures
ROUND;53;federated;f1=96.0240;recall=99.9646;fpr=0.5999
[92mINFO [0m:      fit progress: (53, 0.005615999999999954, {'f1': 96.02401449932034, 'fpr': 0.5998970133882595, 'mode': 'federated'}, 121.84510550000005)
[92mINFO [0m:      configure_evaluate: strategy sampled 14 clients (out of 14)
[92mINFO [0m:      aggregate_evaluate: received 14 results and 0 failures
[92mINFO [0m:      
[92mINFO [0m:      [ROUND 54]
[DistArch] round=54  mode=federated  q=8
[92mINFO [0m:      configure_fit: strategy sampled 14 clients (out of 14)
[92mINFO [0m:      aggregate_fit: received 14 results and 0 failures
ROUND;54;federated;f1=96.0240;recall=99.9646;fpr=0.5999
[92mINFO [0m:      fit progress: (54, 0.005615999999999954, {'f1': 96.02401449932034, 'fpr': 0.5998970133882595, 'mode': 'federated'}, 123.80188345800002)
[92mINFO [0m:      configure_evaluate: strategy sampled 14 clients (out of 14)
[92mINFO [0m:      aggregate_evaluate: received 14 results and 0 failures
[92mINFO [0m:      
[92mINFO [0m:      [ROUND 55]
[DistArch] round=55  mode=federated  q=8
[92mINFO [0m:      configure_fit: strategy sampled 14 clients (out of 14)
[36m(ClientAppActor pid=166879)[0m [93mWARNING [0m:   Deprecation Warning: The `client_fn` function must return an instance of `Client`, but an instance of `NumpyClient` was returned. Please use `NumPyClient.to_client()` method to convert it to `Client`.[32m [repeated 81x across cluster][0m
[92mINFO [0m:      aggregate_fit: received 14 results and 0 failures
ROUND;55;federated;f1=96.0240;recall=99.9646;fpr=0.5999
[92mINFO [0m:      fit progress: (55, 0.005615999999999954, {'f1': 96.02401449932034, 'fpr': 0.5998970133882595, 'mode': 'federated'}, 125.78385393199983)
[92mINFO [0m:      configure_evaluate: strategy sampled 14 clients (out of 14)
[92mINFO [0m:      aggregate_evaluate: received 14 results and 0 failures
[92mINFO [0m:      
[92mINFO [0m:      [ROUND 56]
[DistArch] round=56  mode=federated  q=8
[92mINFO [0m:      configure_fit: strategy sampled 14 clients (out of 14)
[92mINFO [0m:      aggregate_fit: received 14 results and 0 failures
ROUND;56;federated;f1=96.0240;recall=99.9646;fpr=0.5999
[92mINFO [0m:      fit progress: (56, 0.005615999999999954, {'f1': 96.02401449932034, 'fpr': 0.5998970133882595, 'mode': 'federated'}, 127.66007879999984)
[92mINFO [0m:      configure_evaluate: strategy sampled 14 clients (out of 14)
[92mINFO [0m:      aggregate_evaluate: received 14 results and 0 failures
[92mINFO [0m:      
[92mINFO [0m:      [ROUND 57]
[DistArch] round=57  mode=federated  q=8
[92mINFO [0m:      configure_fit: strategy sampled 14 clients (out of 14)
[92mINFO [0m:      aggregate_fit: received 14 results and 0 failures
ROUND;57;federated;f1=96.0240;recall=99.9646;fpr=0.5999
[92mINFO [0m:      fit progress: (57, 0.005615999999999954, {'f1': 96.02401449932034, 'fpr': 0.5998970133882595, 'mode': 'federated'}, 129.63697738099995)
[92mINFO [0m:      configure_evaluate: strategy sampled 14 clients (out of 14)
[92mINFO [0m:      aggregate_evaluate: received 14 results and 0 failures
[92mINFO [0m:      
[92mINFO [0m:      [ROUND 58]
[DistArch] round=58  mode=federated  q=8
[92mINFO [0m:      configure_fit: strategy sampled 14 clients (out of 14)
[36m(ClientAppActor pid=166911)[0m [93mWARNING [0m:   Deprecation Warning: The `client_fn` function must return an instance of `Client`, but an instance of `NumpyClient` was returned. Please use `NumPyClient.to_client()` method to convert it to `Client`.[32m [repeated 73x across cluster][0m
[92mINFO [0m:      aggregate_fit: received 14 results and 0 failures
ROUND;58;federated;f1=96.0240;recall=99.9646;fpr=0.5999
[92mINFO [0m:      fit progress: (58, 0.005615999999999954, {'f1': 96.02401449932034, 'fpr': 0.5998970133882595, 'mode': 'federated'}, 131.50587239699985)
[92mINFO [0m:      configure_evaluate: strategy sampled 14 clients (out of 14)
[92mINFO [0m:      aggregate_evaluate: received 14 results and 0 failures
[92mINFO [0m:      
[92mINFO [0m:      [SUMMARY]
[92mINFO [0m:      Run finished 58 round(s) in 132.12s
[92mINFO [0m:      	History (loss, distributed):
[92mINFO [0m:      		round 1: 1.0
[92mINFO [0m:      		round 2: 1.0
[92mINFO [0m:      		round 3: 1.0
[92mINFO [0m:      		round 4: 1.0
[92mINFO [0m:      		round 5: 1.0
[92mINFO [0m:      		round 6: 1.0
[92mINFO [0m:      		round 7: 1.0
[92mINFO [0m:      		round 8: 1.0
[92mINFO [0m:      		round 9: 1.0
[92mINFO [0m:      		round 10: 1.0
[92mINFO [0m:      		round 11: 1.0
[92mINFO [0m:      		round 12: 1.0
[92mINFO [0m:      		round 13: 1.0
[92mINFO [0m:      		round 14: 1.0
[92mINFO [0m:      		round 15: 1.0
[92mINFO [0m:      		round 16: 1.0
[92mINFO [0m:      		round 17: 1.0
[92mINFO [0m:      		round 18: 1.0
[92mINFO [0m:      		round 19: 1.0
[92mINFO [0m:      		round 20: 1.0
[92mINFO [0m:      		round 21: 1.0
[92mINFO [0m:      		round 22: 1.0
[92mINFO [0m:      		round 23: 1.0
[92mINFO [0m:      		round 24: 1.0
[92mINFO [0m:      		round 25: 1.0
[92mINFO [0m:      		round 26: 1.0
[92mINFO [0m:      		round 27: 1.0
[92mINFO [0m:      		round 28: 1.0
[92mINFO [0m:      		round 29: 1.0
[92mINFO [0m:      		round 30: 1.0
[92mINFO [0m:      		round 31: 1.0
[92mINFO [0m:      		round 32: 1.0
[92mINFO [0m:      		round 33: 1.0
[92mINFO [0m:      		round 34: 1.0
[92mINFO [0m:      		round 35: 1.0
[92mINFO [0m:      		round 36: 1.0
[92mINFO [0m:      		round 37: 1.0
[92mINFO [0m:      		round 38: 1.0
[92mINFO [0m:      		round 39: 1.0
[92mINFO [0m:      		round 40: 1.0
[92mINFO [0m:      		round 41: 1.0
[92mINFO [0m:      		round 42: 1.0
[92mINFO [0m:      		round 43: 1.0
[92mINFO [0m:      		round 44: 1.0
[92mINFO [0m:      		round 45: 1.0
[92mINFO [0m:      		round 46: 1.0
[92mINFO [0m:      		round 47: 1.0
[92mINFO [0m:      		round 48: 1.0
[92mINFO [0m:      		round 49: 1.0
[92mINFO [0m:      		round 50: 1.0
[92mINFO [0m:      		round 51: 1.0
[92mINFO [0m:      		round 52: 1.0
[92mINFO [0m:      		round 53: 1.0
[92mINFO [0m:      		round 54: 1.0
[92mINFO [0m:      		round 55: 1.0
[92mINFO [0m:      		round 56: 1.0
[92mINFO [0m:      		round 57: 1.0
[92mINFO [0m:      		round 58: 1.0
[92mINFO [0m:      	History (loss, centralized):
[92mINFO [0m:      		round 1: 0.005615999999999954
[92mINFO [0m:      		round 2: 0.005615999999999954
[92mINFO [0m:      		round 3: 0.005615999999999954
[92mINFO [0m:      		round 4: 0.005615999999999954
[92mINFO [0m:      		round 5: 0.005615999999999954
[92mINFO [0m:      		round 6: 0.005615999999999954
[92mINFO [0m:      		round 7: 0.005615999999999954
[92mINFO [0m:      		round 8: 0.005615999999999954
[92mINFO [0m:      		round 9: 0.005615999999999954
[92mINFO [0m:      		round 10: 0.00740799999999997
[92mINFO [0m:      		round 11: 0.00740799999999997
[92mINFO [0m:      		round 12: 0.005615999999999954
[92mINFO [0m:      		round 13: 0.005615999999999954
[92mINFO [0m:      		round 14: 0.005615999999999954
[92mINFO [0m:      		round 15: 0.005615999999999954
[92mINFO [0m:      		round 16: 0.005615999999999954
[92mINFO [0m:      		round 17: 0.005615999999999954
[92mINFO [0m:      		round 18: 0.005615999999999954
[92mINFO [0m:      		round 19: 0.005615999999999954
[92mINFO [0m:      		round 20: 0.005615999999999954
[92mINFO [0m:      		round 21: 0.005615999999999954
[92mINFO [0m:      		round 22: 0.005615999999999954
[92mINFO [0m:      		round 23: 0.005615999999999954
[92mINFO [0m:      		round 24: 0.005615999999999954
[92mINFO [0m:      		round 25: 0.005615999999999954
[92mINFO [0m:      		round 26: 0.005615999999999954
[92mINFO [0m:      		round 27: 0.005615999999999954
[92mINFO [0m:      		round 28: 0.005615999999999954
[92mINFO [0m:      		round 29: 0.005615999999999954
[92mINFO [0m:      		round 30: 0.005615999999999954
[92mINFO [0m:      		round 31: 0.005615999999999954
[92mINFO [0m:      		round 32: 0.005615999999999954
[92mINFO [0m:      		round 33: 0.005615999999999954
[92mINFO [0m:      		round 34: 0.005615999999999954
[92mINFO [0m:      		round 35: 0.005615999999999954
[92mINFO [0m:      		round 36: 0.005615999999999954
[92mINFO [0m:      		round 37: 0.005615999999999954
[92mINFO [0m:      		round 38: 0.005615999999999954
[92mINFO [0m:      		round 39: 0.005615999999999954
[92mINFO [0m:      		round 40: 0.005615999999999954
[92mINFO [0m:      		round 41: 0.005615999999999954
[92mINFO [0m:      		round 42: 0.005615999999999954
[92mINFO [0m:      		round 43: 0.005615999999999954
[92mINFO [0m:      		round 44: 0.005615999999999954
[92mINFO [0m:      		round 45: 0.005615999999999954
[92mINFO [0m:      		round 46: 0.005615999999999954
[92mINFO [0m:      		round 47: 0.005615999999999954
[92mINFO [0m:      		round 48: 0.005615999999999954
[92mINFO [0m:      		round 49: 0.005615999999999954
[92mINFO [0m:      		round 50: 0.005615999999999954
[92mINFO [0m:      		round 51: 0.005615999999999954
[92mINFO [0m:      		round 52: 0.005615999999999954
[92mINFO [0m:      		round 53: 0.005615999999999954
[92mINFO [0m:      		round 54: 0.005615999999999954
[92mINFO [0m:      		round 55: 0.005615999999999954
[92mINFO [0m:      		round 56: 0.005615999999999954
[92mINFO [0m:      		round 57: 0.005615999999999954
[92mINFO [0m:      		round 58: 0.005615999999999954
[92mINFO [0m:      	History (metrics, distributed, fit):
[92mINFO [0m:      	{'head_accuracy': [(12, 0.0),
[92mINFO [0m:      	                   (13, 0.0),
[92mINFO [0m:      	                   (14, 0.0),
[92mINFO [0m:      	                   (15, 0.0),
[92mINFO [0m:      	                   (16, 0.0),
[92mINFO [0m:      	                   (17, 0.0),
[92mINFO [0m:      	                   (18, 0.0),
[92mINFO [0m:      	                   (19, 0.0),
[92mINFO [0m:      	                   (20, 0.0),
[92mINFO [0m:      	                   (21, 0.0),
[92mINFO [0m:      	                   (22, 0.0),
[92mINFO [0m:      	                   (23, 0.0),
[92mINFO [0m:      	                   (24, 0.0),
[92mINFO [0m:      	                   (25, 0.0),
[92mINFO [0m:      	                   (26, 0.0),
[92mINFO [0m:      	                   (27, 0.0),
[92mINFO [0m:      	                   (28, 0.0),
[92mINFO [0m:      	                   (29, 0.0),
[92mINFO [0m:      	                   (30, 0.0),
[92mINFO [0m:      	                   (31, 0.0),
[92mINFO [0m:      	                   (32, 0.0),
[92mINFO [0m:      	                   (33, 0.0),
[92mINFO [0m:      	                   (34, 0.0),
[92mINFO [0m:      	                   (35, 0.0),
[92mINFO [0m:      	                   (36, 0.0),
[92mINFO [0m:      	                   (37, 0.0),
[92mINFO [0m:      	                   (38, 0.0),
[92mINFO [0m:      	                   (39, 0.0),
[92mINFO [0m:      	                   (40, 0.0),
[92mINFO [0m:      	                   (41, 0.0),
[92mINFO [0m:      	                   (42, 0.0),
[92mINFO [0m:      	                   (43, 0.0),
[92mINFO [0m:      	                   (44, 0.0)],
[92mINFO [0m:      	 'head_cid': [(12, 12.0),
[92mINFO [0m:      	              (13, 13.0),
[92mINFO [0m:      	              (14, 0.0),
[92mINFO [0m:      	              (15, 2.0),
[92mINFO [0m:      	              (16, 3.0),
[92mINFO [0m:      	              (17, 4.0),
[92mINFO [0m:      	              (18, 5.0),
[92mINFO [0m:      	              (19, 6.0),
[92mINFO [0m:      	              (20, 7.0),
[92mINFO [0m:      	              (21, 8.0),
[92mINFO [0m:      	              (22, 9.0),
[92mINFO [0m:      	              (23, 10.0),
[92mINFO [0m:      	              (24, 11.0),
[92mINFO [0m:      	              (25, 12.0),
[92mINFO [0m:      	              (26, 13.0),
[92mINFO [0m:      	              (27, 0.0),
[92mINFO [0m:      	              (28, 2.0),
[92mINFO [0m:      	              (29, 3.0),
[92mINFO [0m:      	              (30, 4.0),
[92mINFO [0m:      	              (31, 5.0),
[92mINFO [0m:      	              (32, 6.0),
[92mINFO [0m:      	              (33, 7.0),
[92mINFO [0m:      	              (34, 5.0),
[92mINFO [0m:      	              (35, 6.0),
[92mINFO [0m:      	              (36, 7.0),
[92mINFO [0m:      	              (37, 8.0),
[92mINFO [0m:      	              (38, 9.0),
[92mINFO [0m:      	              (39, 10.0),
[92mINFO [0m:      	              (40, 11.0),
[92mINFO [0m:      	              (41, 12.0),
[92mINFO [0m:      	              (42, 13.0),
[92mINFO [0m:      	              (43, 0.0),
[92mINFO [0m:      	              (44, 1.0)]}
[92mINFO [0m:      	History (metrics, distributed, evaluate):
[92mINFO [0m:      	{'round': [(11, 11.0),
[92mINFO [0m:      	           (12, 12.0),
[92mINFO [0m:      	           (13, 13.0),
[92mINFO [0m:      	           (14, 14.0),
[92mINFO [0m:      	           (15, 15.0),
[92mINFO [0m:      	           (16, 16.0),
[92mINFO [0m:      	           (17, 17.0),
[92mINFO [0m:      	           (18, 18.0),
[92mINFO [0m:      	           (19, 19.0),
[92mINFO [0m:      	           (20, 20.0),
[92mINFO [0m:      	           (21, 21.0),
[92mINFO [0m:      	           (22, 22.0),
[92mINFO [0m:      	           (23, 23.0),
[92mINFO [0m:      	           (24, 24.0),
[92mINFO [0m:      	           (25, 25.0),
[92mINFO [0m:      	           (26, 26.0),
[92mINFO [0m:      	           (27, 27.0),
[92mINFO [0m:      	           (28, 28.0),
[92mINFO [0m:      	           (29, 29.0),
[92mINFO [0m:      	           (30, 30.0),
[92mINFO [0m:      	           (31, 31.0),
[92mINFO [0m:      	           (32, 32.0),
[92mINFO [0m:      	           (33, 33.0),
[92mINFO [0m:      	           (34, 34.0),
[92mINFO [0m:      	           (35, 35.0),
[92mINFO [0m:      	           (36, 36.0),
[92mINFO [0m:      	           (37, 37.0),
[92mINFO [0m:      	           (38, 38.0),
[92mINFO [0m:      	           (39, 39.0),
[92mINFO [0m:      	           (40, 40.0),
[92mINFO [0m:      	           (41, 41.0),
[92mINFO [0m:      	           (42, 42.0),
[92mINFO [0m:      	           (43, 43.0)]}
[92mINFO [0m:      	History (metrics, centralized):
[92mINFO [0m:      	{'f1': [(1, 96.02401449932034),
[92mINFO [0m:      	        (2, 96.02401449932034),
[92mINFO [0m:      	        (3, 96.02401449932034),
[92mINFO [0m:      	        (4, 96.02401449932034),
[92mINFO [0m:      	        (5, 96.02401449932034),
[92mINFO [0m:      	        (6, 96.02401449932034),
[92mINFO [0m:      	        (7, 96.02401449932034),
[92mINFO [0m:      	        (8, 96.02401449932034),
[92mINFO [0m:      	        (9, 96.02401449932034),
[92mINFO [0m:      	        (10, 94.68793024323085),
[92mINFO [0m:      	        (11, 94.68793024323085),
[92mINFO [0m:      	        (12, 96.02401449932034),
[92mINFO [0m:      	        (13, 96.02401449932034),
[92mINFO [0m:      	        (14, 96.02401449932034),
[92mINFO [0m:      	        (15, 96.02401449932034),
[92mINFO [0m:      	        (16, 96.02401449932034),
[92mINFO [0m:      	        (17, 96.02401449932034),
[92mINFO [0m:      	        (18, 96.02401449932034),
[92mINFO [0m:      	        (19, 96.02401449932034),
[92mINFO [0m:      	        (20, 96.02401449932034),
[92mINFO [0m:      	        (21, 96.02401449932034),
[92mINFO [0m:      	        (22, 96.02401449932034),
[92mINFO [0m:      	        (23, 96.02401449932034),
[92mINFO [0m:      	        (24, 96.02401449932034),
[92mINFO [0m:      	        (25, 96.02401449932034),
[92mINFO [0m:      	        (26, 96.02401449932034),
[92mINFO [0m:      	        (27, 96.02401449932034),
[92mINFO [0m:      	        (28, 96.02401449932034),
[92mINFO [0m:      	        (29, 96.02401449932034),
[92mINFO [0m:      	        (30, 96.02401449932034),
[92mINFO [0m:      	        (31, 96.02401449932034),
[92mINFO [0m:      	        (32, 96.02401449932034),
[92mINFO [0m:      	        (33, 96.02401449932034),
[92mINFO [0m:      	        (34, 96.02401449932034),
[92mINFO [0m:      	        (35, 96.02401449932034),
[92mINFO [0m:      	        (36, 96.02401449932034),
[92mINFO [0m:      	        (37, 96.02401449932034),
[92mINFO [0m:      	        (38, 96.02401449932034),
[92mINFO [0m:      	        (39, 96.02401449932034),
[92mINFO [0m:      	        (40, 96.02401449932034),
[92mINFO [0m:      	        (41, 96.02401449932034),
[92mINFO [0m:      	        (42, 96.02401449932034),
[92mINFO [0m:      	        (43, 96.02401449932034),
[92mINFO [0m:      	        (44, 96.02401449932034),
[92mINFO [0m:      	        (45, 96.02401449932034),
[92mINFO [0m:      	        (46, 96.02401449932034),
[92mINFO [0m:      	        (47, 96.02401449932034),
[92mINFO [0m:      	        (48, 96.02401449932034),
[92mINFO [0m:      	        (49, 96.02401449932034),
[92mINFO [0m:      	        (50, 96.02401449932034),
[92mINFO [0m:      	        (51, 96.02401449932034),
[92mINFO [0m:      	        (52, 96.02401449932034),
[92mINFO [0m:      	        (53, 96.02401449932034),
[92mINFO [0m:      	        (54, 96.02401449932034),
[92mINFO [0m:      	        (55, 96.02401449932034),
[92mINFO [0m:      	        (56, 96.02401449932034),
[92mINFO [0m:      	        (57, 96.02401449932034),
[92mINFO [0m:      	        (58, 96.02401449932034)],
[92mINFO [0m:      	 'fpr': [(1, 0.5998970133882595),
[92mINFO [0m:      	         (2, 0.5998970133882595),
[92mINFO [0m:      	         (3, 0.5998970133882595),
[92mINFO [0m:      	         (4, 0.5998970133882595),
[92mINFO [0m:      	         (5, 0.5998970133882595),
[92mINFO [0m:      	         (6, 0.5998970133882595),
[92mINFO [0m:      	         (7, 0.5998970133882595),
[92mINFO [0m:      	         (8, 0.5998970133882595),
[92mINFO [0m:      	         (9, 0.5998970133882595),
[92mINFO [0m:      	         (10, 0.5998970133882595),
[92mINFO [0m:      	         (11, 0.5998970133882595),
[92mINFO [0m:      	         (12, 0.5998970133882595),
[92mINFO [0m:      	         (13, 0.5998970133882595),
[92mINFO [0m:      	         (14, 0.5998970133882595),
[92mINFO [0m:      	         (15, 0.5998970133882595),
[92mINFO [0m:      	         (16, 0.5998970133882595),
[92mINFO [0m:      	         (17, 0.5998970133882595),
[92mINFO [0m:      	         (18, 0.5998970133882595),
[92mINFO [0m:      	         (19, 0.5998970133882595),
[92mINFO [0m:      	         (20, 0.5998970133882595),
[92mINFO [0m:      	         (21, 0.5998970133882595),
[92mINFO [0m:      	         (22, 0.5998970133882595),
[92mINFO [0m:      	         (23, 0.5998970133882595),
[92mINFO [0m:      	         (24, 0.5998970133882595),
[92mINFO [0m:      	         (25, 0.5998970133882595),
[92mINFO [0m:      	         (26, 0.5998970133882595),
[92mINFO [0m:      	         (27, 0.5998970133882595),
[92mINFO [0m:      	         (28, 0.5998970133882595),
[92mINFO [0m:      	         (29, 0.5998970133882595),
[92mINFO [0m:      	         (30, 0.5998970133882595),
[92mINFO [0m:      	         (31, 0.5998970133882595),
[92mINFO [0m:      	         (32, 0.5998970133882595),
[92mINFO [0m:      	         (33, 0.5998970133882595),
[92mINFO [0m:      	         (34, 0.5998970133882595),
[92mINFO [0m:      	         (35, 0.5998970133882595),
[92mINFO [0m:      	         (36, 0.5998970133882595),
[92mINFO [0m:      	         (37, 0.5998970133882595),
[92mINFO [0m:      	         (38, 0.5998970133882595),
[92mINFO [0m:      	         (39, 0.5998970133882595),
[92mINFO [0m:      	         (40, 0.5998970133882595),
[92mINFO [0m:      	         (41, 0.5998970133882595),
[92mINFO [0m:      	         (42, 0.5998970133882595),
[92mINFO [0m:      	         (43, 0.5998970133882595),
[92mINFO [0m:      	         (44, 0.5998970133882595),
[92mINFO [0m:      	         (45, 0.5998970133882595),
[92mINFO [0m:      	         (46, 0.5998970133882595),
[92mINFO [0m:      	         (47, 0.5998970133882595),
[92mINFO [0m:      	         (48, 0.5998970133882595),
[92mINFO [0m:      	         (49, 0.5998970133882595),
[92mINFO [0m:      	         (50, 0.5998970133882595),
[92mINFO [0m:      	         (51, 0.5998970133882595),
[92mINFO [0m:      	         (52, 0.5998970133882595),
[92mINFO [0m:      	         (53, 0.5998970133882595),
[92mINFO [0m:      	         (54, 0.5998970133882595),
[92mINFO [0m:      	         (55, 0.5998970133882595),
[92mINFO [0m:      	         (56, 0.5998970133882595),
[92mINFO [0m:      	         (57, 0.5998970133882595),
[92mINFO [0m:      	         (58, 0.5998970133882595)],
[92mINFO [0m:      	 'mode': [(1, 'federated'),
[92mINFO [0m:      	          (2, 'federated'),
[92mINFO [0m:      	          (3, 'federated'),
[92mINFO [0m:      	          (4, 'federated'),
[92mINFO [0m:      	          (5, 'federated'),
[92mINFO [0m:      	          (6, 'federated'),
[92mINFO [0m:      	          (7, 'federated'),
[92mINFO [0m:      	          (8, 'federated'),
[92mINFO [0m:      	          (9, 'federated'),
[92mINFO [0m:      	          (10, 'federated'),
[92mINFO [0m:      	          (11, 'federated'),
[92mINFO [0m:      	          (12, 'gossip'),
[92mINFO [0m:      	          (13, 'gossip'),
[92mINFO [0m:      	          (14, 'gossip'),
[92mINFO [0m:      	          (15, 'gossip'),
[92mINFO [0m:      	          (16, 'gossip'),
[92mINFO [0m:      	          (17, 'gossip'),
[92mINFO [0m:      	          (18, 'gossip'),
[92mINFO [0m:      	          (19, 'gossip'),
[92mINFO [0m:      	          (20, 'gossip'),
[92mINFO [0m:      	          (21, 'gossip'),
[92mINFO [0m:      	          (22, 'gossip'),
[92mINFO [0m:      	          (23, 'gossip'),
[92mINFO [0m:      	          (24, 'gossip'),
[92mINFO [0m:      	          (25, 'gossip'),
[92mINFO [0m:      	          (26, 'gossip'),
[92mINFO [0m:      	          (27, 'gossip'),
[92mINFO [0m:      	          (28, 'gossip'),
[92mINFO [0m:      	          (29, 'gossip'),
[92mINFO [0m:      	          (30, 'gossip'),
[92mINFO [0m:      	          (31, 'gossip'),
[92mINFO [0m:      	          (32, 'gossip'),
[92mINFO [0m:      	          (33, 'gossip'),
[92mINFO [0m:      	          (34, 'gossip'),
[92mINFO [0m:      	          (35, 'gossip'),
[92mINFO [0m:      	          (36, 'gossip'),
[92mINFO [0m:      	          (37, 'gossip'),
[92mINFO [0m:      	          (38, 'gossip'),
[92mINFO [0m:      	          (39, 'gossip'),
[92mINFO [0m:      	          (40, 'gossip'),
[92mINFO [0m:      	          (41, 'gossip'),
[92mINFO [0m:      	          (42, 'gossip'),
[92mINFO [0m:      	          (43, 'gossip'),
[92mINFO [0m:      	          (44, 'gossip'),
[92mINFO [0m:      	          (45, 'federated'),
[92mINFO [0m:      	          (46, 'federated'),
[92mINFO [0m:      	          (47, 'federated'),
[92mINFO [0m:      	          (48, 'federated'),
[92mINFO [0m:      	          (49, 'federated'),
[92mINFO [0m:      	          (50, 'federated'),
[92mINFO [0m:      	          (51, 'federated'),
[92mINFO [0m:      	          (52, 'federated'),
[92mINFO [0m:      	          (53, 'federated'),
[92mINFO [0m:      	          (54, 'federated'),
[92mINFO [0m:      	          (55, 'federated'),
[92mINFO [0m:      	          (56, 'federated'),
[92mINFO [0m:      	          (57, 'federated'),
[92mINFO [0m:      	          (58, 'federated')]}
[92mINFO [0m:      
[36m(ClientAppActor pid=166898)[0m [93mWARNING [0m:   Manually terminating ClientAppActor
[36m(ClientAppActor pid=166898)[0m [93mWARNING [0m:   Deprecation Warning: The `client_fn` function must return an instance of `Client`, but an instance of `NumpyClient` was returned. Please use `NumPyClient.to_client()` method to convert it to `Client`.[32m [repeated 27x across cluster][0m
[36m(ClientAppActor pid=166891)[0m [93mWARNING [0m:   Manually terminating ClientAppActor[32m [repeated 5x across cluster][0m

============================================================
  Avaliação final — teste global (20%, mesmas features)
============================================================

  [DISTRIBUÍDO [xgb_bagging] (14 boosters/k≥2, 140 árvores)]
    F1       : 95.9823%
    Accuracy : 99.4323%
    Precision: 92.3056%
    Recall   : 99.9641%
    FPR      : 0.6064%   (falsos alarmes / benignos)
    VP=200437  VN=2738431  FP=16708  FN=72

  [MONOLÍTICO — XGBoost (mesmas features/split)]
    F1       : 99.5732%
    Accuracy : 99.9418%
    Precision: 99.1529%
    Recall   : 99.9970%
    FPR      : 0.0622%   (falsos alarmes / benignos)
    VP=200503  VN=2753426  FP=1713  FN=6

============================================================
  Diferença  (distribuído − monolítico)
============================================================
  F1-score : -3.5908 pp
  Accuracy : -0.5096 pp
  Recall   : -0.0329 pp
  Precision: -6.8473 pp
  FPR      : +0.5443 pp

========================================================================
  Métricas por cliente — GOSSIP (modelo local × teste global)
========================================================================
  cli classe-especialista           F1  Recall    Prec     FPR  #bst
    0 random_replay              95.45   99.97   91.33    0.69    14
    1 random_replay              95.45   99.97   91.33    0.69    14
    2 injection                  95.45   99.97   91.33    0.69    14
    3 injection                  95.45   99.97   91.33    0.69    14
    4 high_StNum                 95.45   99.97   91.33    0.69    14
    5 high_StNum                 95.45   99.97   91.33    0.69    14
    6 inverse_replay             95.45   99.97   91.33    0.69    14
    7 inverse_replay             95.45   99.97   91.33    0.69    14
    8 poisoned_high_rate         95.45   99.97   91.33    0.69    14
    9 poisoned_high_rate         95.45   99.97   91.33    0.69    14
   10 masquerade_fake_normal     95.45   99.97   91.33    0.69    14
   11 masquerade_fake_normal     95.45   99.97   91.33    0.69    14
   12 masquerade_fake_fault      95.45   99.97   91.33    0.69    14
   13 masquerade_fake_fault      95.45   99.97   91.33    0.69    14
