[ladder] all-58 vs GRASP no teste cheio (seed 42, N=10)

[ladder] ALL58 (58 features)...
[benign_cap] classe normal limitada a 500,000 (de 2,759,425); ataques preservados
[attack] 10 clientes para 7 classes — sensores redundantes (classe: nº de sensores): {1: 2, 5: 2, 6: 2}
[attack] cliente 0: classes de ataque [1] (19500 amostras) + 50000 benignas
[attack] cliente 1: classes de ataque [1] (19500 amostras) + 50000 benignas
[attack] cliente 2: classes de ataque [5] (19500 amostras) + 50000 benignas
[attack] cliente 3: classes de ataque [5] (19500 amostras) + 50000 benignas
[attack] cliente 4: classes de ataque [6] (19500 amostras) + 50000 benignas
[attack] cliente 5: classes de ataque [6] (19500 amostras) + 50000 benignas
[attack] cliente 6: classes de ataque [2] (26033 amostras) + 50000 benignas
[attack] cliente 7: classes de ataque [7] (18574 amostras) + 50000 benignas
[attack] cliente 8: classes de ataque [4] (17419 amostras) + 50000 benignas
[attack] cliente 9: classes de ataque [3] (17287 amostras) + 50000 benignas
[ladder] RCL55 (55 features)...
[benign_cap] classe normal limitada a 500,000 (de 2,759,425); ataques preservados
[attack] 10 clientes para 7 classes — sensores redundantes (classe: nº de sensores): {1: 2, 5: 2, 6: 2}
[attack] cliente 0: classes de ataque [1] (19500 amostras) + 50000 benignas
[attack] cliente 1: classes de ataque [1] (19500 amostras) + 50000 benignas
[attack] cliente 2: classes de ataque [5] (19500 amostras) + 50000 benignas
[attack] cliente 3: classes de ataque [5] (19500 amostras) + 50000 benignas
[attack] cliente 4: classes de ataque [6] (19500 amostras) + 50000 benignas
[attack] cliente 5: classes de ataque [6] (19500 amostras) + 50000 benignas
[attack] cliente 6: classes de ataque [2] (26033 amostras) + 50000 benignas
[attack] cliente 7: classes de ataque [7] (18574 amostras) + 50000 benignas
[attack] cliente 8: classes de ataque [4] (17419 amostras) + 50000 benignas
[attack] cliente 9: classes de ataque [3] (17287 amostras) + 50000 benignas
[ladder] GRASP24 (24 features)...
[benign_cap] classe normal limitada a 500,000 (de 2,759,425); ataques preservados
[attack] 10 clientes para 7 classes — sensores redundantes (classe: nº de sensores): {1: 2, 5: 2, 6: 2}
[attack] cliente 0: classes de ataque [1] (19500 amostras) + 50000 benignas
[attack] cliente 1: classes de ataque [1] (19500 amostras) + 50000 benignas
[attack] cliente 2: classes de ataque [5] (19500 amostras) + 50000 benignas
[attack] cliente 3: classes de ataque [5] (19500 amostras) + 50000 benignas
[attack] cliente 4: classes de ataque [6] (19500 amostras) + 50000 benignas
[attack] cliente 5: classes de ataque [6] (19500 amostras) + 50000 benignas
[attack] cliente 6: classes de ataque [2] (26033 amostras) + 50000 benignas
[attack] cliente 7: classes de ataque [7] (18574 amostras) + 50000 benignas
[attack] cliente 8: classes de ataque [4] (17419 amostras) + 50000 benignas
[attack] cliente 9: classes de ataque [3] (17287 amostras) + 50000 benignas
[ladder] GLOBAL8 (8 features)...
[benign_cap] classe normal limitada a 500,000 (de 2,759,425); ataques preservados
[attack] 10 clientes para 7 classes — sensores redundantes (classe: nº de sensores): {1: 2, 5: 2, 6: 2}
[attack] cliente 0: classes de ataque [1] (19500 amostras) + 50000 benignas
[attack] cliente 1: classes de ataque [1] (19500 amostras) + 50000 benignas
[attack] cliente 2: classes de ataque [5] (19500 amostras) + 50000 benignas
[attack] cliente 3: classes de ataque [5] (19500 amostras) + 50000 benignas
[attack] cliente 4: classes de ataque [6] (19500 amostras) + 50000 benignas
[attack] cliente 5: classes de ataque [6] (19500 amostras) + 50000 benignas
[attack] cliente 6: classes de ataque [2] (26033 amostras) + 50000 benignas
[attack] cliente 7: classes de ataque [7] (18574 amostras) + 50000 benignas
[attack] cliente 8: classes de ataque [4] (17419 amostras) + 50000 benignas
[attack] cliente 9: classes de ataque [3] (17287 amostras) + 50000 benignas

===== FEATURE-SET LADDER (teste cheio, seed 42) =====
set      #feat  |   OR F1  OR FPR   OR #FP  |   k2 F1  k2 FPR  k2 #FP
---------------------------------------------------------------------
ALL58       58  |   95.57   0.673   18,530  |   87.70   0.002      52
RCL55       55  |   94.94   0.773   21,298  |   87.73   0.006     159
GRASP24     24  |   95.72   0.649   17,881  |   87.69   0.002      49
GLOBAL8      8  |   53.03  12.779  352,067  |   86.98   0.085   2,336

[ladder] CSV -> results/feature_ladder.csv
