[spec] carregando treino (todas as 58 features)...
[spec] classes (idx→nome): [(0, 'normal'), (1, 'random_replay'), (2, 'inverse_replay'), (3, 'masquerade_fake_fault'), (4, 'masquerade_fake_normal'), (5, 'injection'), (6, 'high_StNum'), (7, 'poisoned_high_rate')]
[spec] normal_class idx = 0 (normal)

[spec] === inspeção: mediana [IQR] por classe nos campos de protocolo ===
                 F40 SqNum: normal=1.69e+03[5,3.98e+03]  random_rep=3[2,5]  inverse_re=3[1,3]  masquerade=4[3,4]  masquerade=4[3,4]  injection=4.99e+03[2.5e+03,7.48e+03]  high_StNum=1[1,1]  poisoned_h=1[1,1]  
                 F41 StNum: normal=1.55e+03[1.12e+03,2.99e+03]  random_rep=2.48e+03[1.11e+03,3.62e+03]  inverse_re=2.93e+03[1.7e+03,4.08e+03]  masquerade=2.61e+03[1.04e+03,3.81e+03]  masquerade=2.59e+03[1.05e+03,3.81e+03]  injection=5.02e+03[2.51e+03,7.51e+03]  high_StNum=5.47e+04[3.27e+04,7.75e+04]  poisoned_h=3e+03[1.89e+03,3.88e+03]  
              F42 cbStatus: normal=0[0,0]  random_rep=0[0,1]  inverse_re=1[1,1]  masquerade=1[1,1]  masquerade=0[0,0]  injection=0[0,1]  high_StNum=0[0,1]  poisoned_h=1[1,1]  
                   F44 TTL: normal=1.1e+04[1.1e+04,1.1e+04]  random_rep=1.1e+04[1.1e+04,1.1e+04]  inverse_re=1.1e+04[1.1e+04,1.1e+04]  masquerade=1.1e+04[1.1e+04,1.1e+04]  masquerade=1.1e+04[1.1e+04,1.1e+04]  injection=5.01e+04[2.48e+04,7.49e+04]  high_StNum=5.01e+04[2.49e+04,7.5e+04]  poisoned_h=1.1e+04[1.1e+04,1.1e+04]  
    F57 timeFromLastChange: normal=0.191[0,1e+03]  random_rep=2.35e+03[932,4.16e+03]  inverse_re=0.305[0.235,0.422]  masquerade=0.033[0.008,0.033]  masquerade=0.033[0.008,0.033]  injection=0[0,0]  high_StNum=0.409[0.156,0.696]  poisoned_h=0[0,0]  

[spec] fit Isolation Forest (protocol fields) em benigno...
[spec] carregando teste...

[spec] --- robust-envelope (spec) --- (FPR~10.31% @ τ=1e+09) ---
[spec]            random_replay: recall= 45.32%  (n= 39000)
[spec]           inverse_replay: recall= 70.85%  (n= 30319)
[spec]    masquerade_fake_fault: recall=100.00%  (n= 17200)  <-- masquerade (hard)
[spec]   masquerade_fake_normal: recall=  0.00%  (n= 17420)  <-- masquerade (hard)
[spec]                injection: recall=100.00%  (n= 39000)
[spec]               high_StNum: recall=100.00%  (n= 39000)
[spec]       poisoned_high_rate: recall=100.00%  (n= 18570)

[spec] --- isolation-forest (proto) --- (FPR~1.00% @ τ=0.641) ---
[spec]            random_replay: recall=  9.14%  (n= 39000)
[spec]           inverse_replay: recall=  9.51%  (n= 30319)
[spec]    masquerade_fake_fault: recall= 21.50%  (n= 17200)  <-- masquerade (hard)
[spec]   masquerade_fake_normal: recall=  0.00%  (n= 17420)  <-- masquerade (hard)
[spec]                injection: recall= 45.48%  (n= 39000)
[spec]               high_StNum: recall= 50.22%  (n= 39000)
[spec]       poisoned_high_rate: recall=100.00%  (n= 18570)

[spec] ok -> results/zeroday_spec.{csv,png,pdf}
